
> financial-score@1.0.0 build
> next build

  Γû▓ Next.js 14.2.33
  - Environments: .env.local, .env

   Creating an optimized production build ...
 Γ£ô Compiled successfully
   Skipping linting
   Checking validity of types ...
node.exe : Failed to compile.
At C:\nvm4w\nodejs\npm.ps1:29 char:3
+   & $NODE_EXE $NPM_CLI_JS $args
+   ~~~~~~~~~~~~~~~~~~~~~~~~~~~~~
    + CategoryInfo          : NotSpecified: (Failed to compile.:String) [], Re 
   moteException
    + FullyQualifiedErrorId : NativeCommandError
 

./app/page.tsx:3025:34
Type error: Element implicitly has an 'any' type because expression of type 
'0' can't be used to index type '{}'.
  Property '0' does not exist on type '{}'.

[0m [90m 3023 |[39m     [0m
[0m [90m 3024 |[39m     [90m// Check if this is a transposed format (field 
names in column A, dates in row 0)[39m[0m
[0m[31m[1m>[22m[39m[90m 3025 |[39m     [36mconst[39m firstCell 
[33m=[39m json[[35m0[39m] [33m&&[39m 
json[[35m0[39m][[35m0[39m][33m;[39m[0m
[0m [90m      |[39m                                  
[31m[1m^[22m[39m[0m
[0m [90m 3026 |[39m     [36mconst[39m isTransposed [33m=[39m firstCell 
[33m===[39m [36mnull[39m [33m||[39m firstCell [33m===[39m [32m''[39m 
[33m||[39m ([36mtypeof[39m firstCell [33m===[39m [32m'number'[39m 
[33m&&[39m firstCell [33m>[39m [35m40000[39m)[33m;[39m [90m// Excel 
date serial numbers[39m[0m
[0m [90m 3027 |[39m     [0m
[0m [90m 3028 |[39m     [36mif[39m (isTransposed) {[0m
Next.js build worker exited with code: 1 and signal: null
